Buffer.cpp:7:6:void serial_add_char(unsigned char)	16	static
Buffer.cpp:13:1:Buffer::Buffer()	16	static
Buffer.cpp:16:6:void Buffer::AddChar(unsigned char)	16	static
Buffer.cpp:24:6:void Buffer::AddString(const char*, unsigned int)	32	static
Buffer.cpp:33:15:unsigned char Buffer::ReadChar()	24	static
Buffer.cpp:46:14:unsigned int Buffer::RemainingBytes()	16	static
Buffer.cpp:52:6:void Buffer::ReadBuffer(char*, unsigned int)	32	static
Buffer.cpp:62:1:void __static_initialization_and_destruction_0(int, int)	16	static
Buffer.cpp:62:1:cpp)	8	static
