main.c:115:6:HAL_UART_RxCpltCallback	16	static
main.c:122:6:HAL_I2C_MasterRxCpltCallback	16	static
main.c:128:6:printFloats	112	static
main.c:142:6:printVal_6	104	static
main.c:149:6:printVal_5	104	static
main.c:156:6:printVal_4	96	static
main.c:163:6:printString	32	dynamic
main.c:170:6:Tick_1ms	4	static
main.c:188:9:RawToCalOffset	24	static
main.c:193:9:RawToCal	24	static
main.c:198:6:UpdatePWM	16	static
main.c:209:5:main	112	static
main.c:368:6:SystemClock_Config	120	static
main.c:419:13:MX_ADC1_Init	32	static
main.c:498:13:MX_DAC_Init	24	static
main.c:538:13:MX_I2C1_Init	8	static
main.c:584:13:MX_TIM15_Init	96	static
main.c:651:13:MX_USART2_UART_Init	8	static
main.c:686:13:MX_USART3_UART_Init	8	static
main.c:719:13:MX_DMA_Init	16	static
main.c:737:13:MX_GPIO_Init	48	static
main.c:783:6:Error_Handler	4	static,ignoring_inline_asm
