main.c:112:6:HAL_UART_RxCpltCallback	16	static
main.c:119:6:HAL_I2C_MasterRxCpltCallback	16	static
main.c:125:6:printFloats	112	static
main.c:140:6:printString	32	dynamic
main.c:147:6:Tick_1ms	4	static
main.c:165:9:VoltageTo01mbar	16	static
main.c:170:9:RawADCToVolt	16	static
main.c:175:9:RawSFM3019ToLmin	16	static
main.c:180:9:RawToCalOffset	24	static
main.c:185:9:RawToCal	24	static
main.c:190:6:UpdatePWM	16	static
main.c:201:5:main	112	static
main.c:360:6:SystemClock_Config	120	static
main.c:411:13:MX_ADC1_Init	32	static
main.c:490:13:MX_DAC_Init	24	static
main.c:530:13:MX_I2C1_Init	8	static
main.c:576:13:MX_TIM15_Init	96	static
main.c:643:13:MX_USART2_UART_Init	8	static
main.c:678:13:MX_USART3_UART_Init	8	static
main.c:711:13:MX_DMA_Init	16	static
main.c:729:13:MX_GPIO_Init	48	static
main.c:775:6:Error_Handler	4	static,ignoring_inline_asm
